============================================================
seed=2003  first-fit ll=-196.8406  restart ll=-175.1269 (gap +21.714)
  -- first-fit theta_hat --
    h=1e-04  gscaled_max=9.5616e+05  coord=2  raw_g=4.8540e+05
    h=1e-05  gscaled_max=9.5615e+06  coord=2  raw_g=4.8540e+06
    h=1e-06  gscaled_max=9.5616e+07  coord=2  raw_g=4.8540e+07
    h=1e-07  gscaled_max=9.5616e+08  coord=2  raw_g=4.8540e+08
    h=1e-08  gscaled_max=9.5616e+09  coord=2  raw_g=4.8540e+09
  -- restart theta --
    h=1e-04  gscaled_max=3.8397e+05  coord=16  raw_g=2.0822e+05
    h=1e-05  gscaled_max=3.6692e+06  coord=11  raw_g=-1.5870e+06
    h=1e-06  gscaled_max=1.2797e-01  coord=2  raw_g=-8.2113e-02
    h=1e-07  gscaled_max=1.2797e-01  coord=2  raw_g=-8.2113e-02
    h=1e-08  gscaled_max=1.2797e-01  coord=2  raw_g=-8.2116e-02
============================================================
seed=2005  first-fit ll=-3041.3466  restart ll=-182.8099 (gap +2858.537)
  -- first-fit theta_hat --
    h=1e-04  gscaled_max=2.0951e+03  coord=12  raw_g=2.8798e+02
    h=1e-05  gscaled_max=1.8190e+04  coord=17  raw_g=6.9243e+03
    h=1e-06  gscaled_max=1.7655e+05  coord=17  raw_g=-6.7204e+04
    h=1e-07  gscaled_max=2.0546e+06  coord=15  raw_g=-9.3015e+05
    h=1e-08  gscaled_max=2.1316e+07  coord=4  raw_g=-9.9749e+06
  -- restart theta --
    h=1e-04  gscaled_max=8.4459e-06  coord=17  raw_g=2.6182e-06
    h=1e-05  gscaled_max=8.1907e-06  coord=17  raw_g=2.5391e-06
    h=1e-06  gscaled_max=8.2175e-06  coord=17  raw_g=2.5474e-06
    h=1e-07  gscaled_max=9.2679e-06  coord=17  raw_g=2.8730e-06
    h=1e-08  gscaled_max=1.4417e-05  coord=17  raw_g=4.4691e-06
============================================================
seed=2010  first-fit ll=-372.3648  restart ll=-172.6168 (gap +199.748)
  -- first-fit theta_hat --
    h=1e-04  gscaled_max=6.2224e+05  coord=15  raw_g=3.1109e+05
    h=1e-05  gscaled_max=6.2654e+06  coord=3  raw_g=-3.6142e+06
    h=1e-06  gscaled_max=5.4435e+07  coord=4  raw_g=3.2156e+07
    h=1e-07  gscaled_max=1.2770e+05  coord=9  raw_g=-2.2674e+04
    h=1e-08  gscaled_max=1.3022e+06  coord=10  raw_g=-1.1385e+06
  -- restart theta --
    h=1e-04  gscaled_max=1.6179e-05  coord=12  raw_g=8.6001e-06
    h=1e-05  gscaled_max=1.6086e-05  coord=12  raw_g=8.5507e-06
    h=1e-06  gscaled_max=1.6094e-05  coord=12  raw_g=8.5549e-06
    h=1e-07  gscaled_max=1.5773e-05  coord=12  raw_g=8.3844e-06
    h=1e-08  gscaled_max=2.4061e-05  coord=12  raw_g=1.2790e-05
