gamma-analytic s1            nll=  1654.911 gres= 1.66e-03 thr= 1.65e-02 ratio= 1.01e-01 x/f/g=010 it=  24 old=1 new=1 t=4.3s
gamma-offset0(FD) s1         nll=  1654.911 gres= 1.26e-01 thr= 1.65e-02 ratio= 7.59e+00 x/f/g=110 it=  30 old=1 new=0 t=3.3s
gamma-analytic s2            nll=  1609.647 gres= 9.99e-05 thr= 1.61e-02 ratio= 6.20e-03 x/f/g=010 it=  21 old=1 new=1 t=0.2s
gamma-offset0(FD) s2         nll=  1609.647 gres= 2.99e-06 thr= 1.61e-02 ratio= 1.85e-04 x/f/g=001 it=  21 old=1 new=1 t=2.2s
gamma-analytic s3            nll=  1607.119 gres= 1.31e-03 thr= 1.61e-02 ratio= 8.16e-02 x/f/g=010 it=  24 old=1 new=1 t=0.3s
gamma-offset0(FD) s3         nll=  1607.119 gres= 1.29e+01 thr= 1.61e-02 ratio= 8.04e+02 x/f/g=010 it=  41 old=1 new=0 t=4.8s
gamma-analytic s4            nll=  1897.151 gres= 1.15e-03 thr= 1.90e-02 ratio= 6.05e-02 x/f/g=010 it=  24 old=1 new=1 t=0.2s
gamma-offset0(FD) s4         nll=  1897.151 gres= 3.21e-06 thr= 1.90e-02 ratio= 1.69e-04 x/f/g=001 it=  32 old=1 new=1 t=3.2s
gamma-analytic s5            nll=  1766.115 gres= 4.94e-06 thr= 1.77e-02 ratio= 2.80e-04 x/f/g=001 it=  49 old=1 new=1 t=0.3s
gamma-offset0(FD) s5         nll=  1766.115 gres= 3.14e-06 thr= 1.77e-02 ratio= 1.78e-04 x/f/g=001 it=  50 old=1 new=1 t=4.4s
gamma-analytic s6            nll=  1685.649 gres= 3.94e-06 thr= 1.69e-02 ratio= 2.34e-04 x/f/g=001 it=  38 old=1 new=1 t=0.2s
gamma-offset0(FD) s6         nll=  1685.649 gres= 9.50e-06 thr= 1.69e-02 ratio= 5.64e-04 x/f/g=001 it=  31 old=1 new=1 t=2.8s
gamma-analytic s7            nll=  1650.061 gres= 2.29e-02 thr= 1.65e-02 ratio= 1.39e+00 x/f/g=110 it=  50 old=1 new=0 t=0.8s
gamma-offset0(FD) s7         nll=  1650.061 gres= 1.61e+00 thr= 1.65e-02 ratio= 9.73e+01 x/f/g=010 it=  42 old=1 new=0 t=5.1s
gamma-analytic s8            nll=  1691.444 gres= 2.68e-05 thr= 1.69e-02 ratio= 1.58e-03 x/f/g=010 it=  26 old=1 new=1 t=0.2s
gamma-offset0(FD) s8         nll=  1691.444 gres= 5.36e-02 thr= 1.69e-02 ratio= 3.17e+00 x/f/g=010 it=  21 old=1 new=0 t=2.3s
gamma-analytic s9            nll=  1730.404 gres= 5.30e-05 thr= 1.73e-02 ratio= 3.06e-03 x/f/g=010 it=  25 old=1 new=1 t=0.2s
gamma-offset0(FD) s9         nll=  1730.404 gres= 4.84e-06 thr= 1.73e-02 ratio= 2.80e-04 x/f/g=001 it=  25 old=1 new=1 t=2.6s
gamma-analytic s10           nll=  1498.032 gres= 6.55e-06 thr= 1.50e-02 ratio= 4.37e-04 x/f/g=001 it=  21 old=1 new=1 t=0.1s
gamma-offset0(FD) s10        nll=  1498.032 gres= 6.21e-06 thr= 1.50e-02 ratio= 4.15e-04 x/f/g=001 it=  21 old=1 new=1 t=2.0s
gamma-analytic s11           nll=  1638.161 gres= 2.69e-06 thr= 1.64e-02 ratio= 1.64e-04 x/f/g=001 it=  30 old=1 new=1 t=0.2s
gamma-offset0(FD) s11        nll=  1638.161 gres= 2.62e-06 thr= 1.64e-02 ratio= 1.60e-04 x/f/g=001 it=  30 old=1 new=1 t=2.7s
gamma-analytic s12           nll=  1847.407 gres= 1.10e-04 thr= 1.85e-02 ratio= 5.98e-03 x/f/g=010 it=  56 old=1 new=1 t=0.5s
gamma-offset0(FD) s12        nll=  1847.407 gres= 2.75e-06 thr= 1.85e-02 ratio= 1.49e-04 x/f/g=001 it=  56 old=1 new=1 t=5.7s
gamma-analytic s13           nll=  1789.967 gres= 4.27e-06 thr= 1.79e-02 ratio= 2.38e-04 x/f/g=001 it=  42 old=1 new=1 t=0.3s
gamma-offset0(FD) s13        nll=  1789.967 gres= 8.11e-06 thr= 1.79e-02 ratio= 4.53e-04 x/f/g=001 it=  41 old=1 new=1 t=4.8s
gamma-analytic s14           nll=  1676.618 gres= 5.41e-04 thr= 1.68e-02 ratio= 3.23e-02 x/f/g=110 it=  49 old=1 new=1 t=0.4s
gamma-offset0(FD) s14        nll=  1676.618 gres= 9.32e-02 thr= 1.68e-02 ratio= 5.56e+00 x/f/g=010 it=  42 old=1 new=0 t=4.6s
gamma-analytic s15           nll=  1580.575 gres= 6.44e-06 thr= 1.58e-02 ratio= 4.08e-04 x/f/g=001 it=  26 old=1 new=1 t=0.2s
gamma-offset0(FD) s15        nll=  1580.575 gres= 6.56e-06 thr= 1.58e-02 ratio= 4.15e-04 x/f/g=001 it=  26 old=1 new=1 t=2.7s
gamma-analytic s16           nll=  1684.733 gres= 4.75e-06 thr= 1.68e-02 ratio= 2.82e-04 x/f/g=001 it=  26 old=1 new=1 t=0.2s
gamma-offset0(FD) s16        nll=  1684.733 gres= 4.81e-06 thr= 1.68e-02 ratio= 2.85e-04 x/f/g=001 it=  26 old=1 new=1 t=2.3s
gamma-analytic s17           nll=  1669.852 gres= 5.48e-06 thr= 1.67e-02 ratio= 3.28e-04 x/f/g=001 it=  26 old=1 new=1 t=0.2s
gamma-offset0(FD) s17        nll=  1669.852 gres= 5.37e-06 thr= 1.67e-02 ratio= 3.22e-04 x/f/g=001 it=  26 old=1 new=1 t=2.8s
gamma-analytic s18           nll=  1738.999 gres= 6.25e-06 thr= 1.74e-02 ratio= 3.60e-04 x/f/g=001 it=  24 old=1 new=1 t=0.2s
gamma-offset0(FD) s18        nll=  1738.999 gres= 6.03e-06 thr= 1.74e-02 ratio= 3.47e-04 x/f/g=001 it=  24 old=1 new=1 t=2.2s
gamma-analytic s19           nll=  1665.607 gres= 2.05e-06 thr= 1.67e-02 ratio= 1.23e-04 x/f/g=001 it=  28 old=1 new=1 t=0.2s
gamma-offset0(FD) s19        nll=  1665.607 gres= 2.15e-06 thr= 1.67e-02 ratio= 1.29e-04 x/f/g=001 it=  28 old=1 new=1 t=2.8s
gamma-analytic s20           nll=  1669.658 gres= 7.15e-05 thr= 1.67e-02 ratio= 4.28e-03 x/f/g=010 it=  30 old=1 new=1 t=0.3s
gamma-offset0(FD) s20        nll=  1669.658 gres= 4.84e-06 thr= 1.67e-02 ratio= 2.90e-04 x/f/g=001 it=  28 old=1 new=1 t=2.9s
