pois-FD p8 n100 s1           nll=  1713.135 gres= 7.93e-06 thr= 1.71e-02 ratio= 4.63e-04 x/f/g=001 it=  64 old=1 new=1 t=7.5s
pois-analytic p8 n100 s1     nll=  1713.135 gres= 7.39e-06 thr= 1.71e-02 ratio= 4.31e-04 x/f/g=001 it=  64 old=1 new=1 t=8.4s
binom-FD p8 n100 s1          nll=   529.096 gres= 6.69e-06 thr= 5.29e-03 ratio= 1.26e-03 x/f/g=001 it=  31 old=1 new=1 t=3.3s
gammagrp-FD p8 n100 s1       nll=  1654.706 gres= 5.69e-06 thr= 1.65e-02 ratio= 3.44e-04 x/f/g=001 it=  28 old=1 new=1 t=5.6s
gauss-fwd p8 n100 s1         nll=  1082.125 gres= 1.92e-13 thr= 1.08e-03 ratio= 1.77e-10 x/f/g=001 it=   0 old=1 new=1 t=4.3s
pois-FD p8 n100 s2           nll=  1681.465 gres= 6.68e-06 thr= 1.68e-02 ratio= 3.97e-04 x/f/g=001 it=  29 old=1 new=1 t=1.1s
pois-analytic p8 n100 s2     nll=  1681.465 gres= 9.85e-06 thr= 1.68e-02 ratio= 5.86e-04 x/f/g=001 it=  28 old=1 new=1 t=0.1s
binom-FD p8 n100 s2          nll=   543.019 gres= 7.68e-06 thr= 5.43e-03 ratio= 1.41e-03 x/f/g=001 it=  21 old=1 new=1 t=0.8s
gammagrp-FD p8 n100 s2       nll=  1608.982 gres= 7.38e-06 thr= 1.61e-02 ratio= 4.59e-04 x/f/g=001 it=  21 old=1 new=1 t=3.6s
gauss-fwd p8 n100 s2         nll=   953.376 gres= 2.50e-13 thr= 9.53e-04 ratio= 2.62e-10 x/f/g=001 it=   0 old=1 new=1 t=0.0s
pois-FD p8 n100 s3           nll=  1708.928 gres= 9.56e-06 thr= 1.71e-02 ratio= 5.59e-04 x/f/g=001 it=  36 old=1 new=1 t=1.2s
pois-analytic p8 n100 s3     nll=  1708.928 gres= 8.85e-06 thr= 1.71e-02 ratio= 5.18e-04 x/f/g=001 it=  36 old=1 new=1 t=0.1s
binom-FD p8 n100 s3          nll=   528.447 gres= 3.82e-06 thr= 5.28e-03 ratio= 7.23e-04 x/f/g=001 it=  39 old=1 new=1 t=1.4s
gammagrp-FD p8 n100 s3       nll=  1606.808 gres= 2.77e-06 thr= 1.61e-02 ratio= 1.72e-04 x/f/g=001 it=  25 old=1 new=1 t=4.0s
gauss-fwd p8 n100 s3         nll=  1083.957 gres= 3.02e-13 thr= 1.08e-03 ratio= 2.79e-10 x/f/g=001 it=   0 old=1 new=1 t=0.0s
pois-FD p8 n100 s4           nll=  1895.269 gres= 1.94e-05 thr= 1.90e-02 ratio= 1.02e-03 x/f/g=110 it=  75 old=1 new=1 t=2.8s
pois-analytic p8 n100 s4     nll=  1895.269 gres= 5.80e-06 thr= 1.90e-02 ratio= 3.06e-04 x/f/g=001 it=  71 old=1 new=1 t=0.2s
binom-FD p8 n100 s4          nll=   513.347 gres= 1.67e-01 thr= 5.13e-03 ratio= 3.26e+01 x/f/g=000 it= 500 old=0 new=0 t=40.5s
gammagrp-FD p8 n100 s4       nll=  1895.248 gres= 5.49e-06 thr= 1.90e-02 ratio= 2.90e-04 x/f/g=001 it=  33 old=1 new=1 t=5.3s
gauss-fwd p8 n100 s4         nll=  1179.499 gres= 2.68e-13 thr= 1.18e-03 ratio= 2.27e-10 x/f/g=001 it=   0 old=1 new=1 t=0.0s
pois-FD p15 n300 s1          nll=  9122.250 gres= 3.80e-05 thr= 9.12e-02 ratio= 4.17e-04 x/f/g=010 it=  98 old=1 new=1 t=25.9s
pois-analytic p15 n300 s1    nll=  9122.250 gres= 1.80e-05 thr= 9.12e-02 ratio= 1.97e-04 x/f/g=010 it=  99 old=1 new=1 t=8.4s
binom-FD p15 n300 s1         nll=  3015.950 gres= 7.10e-06 thr= 3.02e-02 ratio= 2.35e-04 x/f/g=001 it=  48 old=1 new=1 t=13.1s
gammagrp-FD p15 n300 s1      nll=  9056.532 gres= 4.78e-05 thr= 9.06e-02 ratio= 5.27e-04 x/f/g=010 it=  49 old=1 new=1 t=43.1s
gauss-fwd p15 n300 s1        nll=  5872.675 gres= 2.84e-13 thr= 5.87e-03 ratio= 4.84e-11 x/f/g=001 it=   0 old=1 new=1 t=1.4s
pois-FD p15 n300 s2          nll=  9290.861 gres= 3.96e-05 thr= 9.29e-02 ratio= 4.26e-04 x/f/g=010 it=  78 old=1 new=1 t=20.0s
pois-analytic p15 n300 s2    nll=  9290.861 gres= 8.46e-06 thr= 9.29e-02 ratio= 9.10e-05 x/f/g=001 it=  74 old=1 new=1 t=0.9s
binom-FD p15 n300 s2         nll=  3029.433 gres= 3.23e-06 thr= 3.03e-02 ratio= 1.07e-04 x/f/g=001 it=  39 old=1 new=1 t=10.2s
gammagrp-FD p15 n300 s2      nll=  8976.462 gres= 9.91e-06 thr= 8.98e-02 ratio= 1.10e-04 x/f/g=001 it=  51 old=1 new=1 t=55.0s
gauss-fwd p15 n300 s2        nll=  5736.337 gres= 6.25e-13 thr= 5.74e-03 ratio= 1.09e-10 x/f/g=001 it=   0 old=1 new=1 t=0.0s
pois-FD p15 n300 s3          nll=  9314.943 gres= 1.94e-05 thr= 9.31e-02 ratio= 2.08e-04 x/f/g=010 it=  56 old=1 new=1 t=13.3s
pois-analytic p15 n300 s3    nll=  9314.943 gres= 1.11e-05 thr= 9.31e-02 ratio= 1.19e-04 x/f/g=010 it=  60 old=1 new=1 t=0.8s
binom-FD p15 n300 s3         nll=  3000.398 gres= 9.54e-06 thr= 3.00e-02 ratio= 3.18e-04 x/f/g=001 it=  22 old=1 new=1 t=5.8s
gammagrp-FD p15 n300 s3      nll=  9282.933 gres= 1.20e-05 thr= 9.28e-02 ratio= 1.29e-04 x/f/g=010 it=  38 old=1 new=1 t=36.3s
gauss-fwd p15 n300 s3        nll=  5558.694 gres= 5.72e-13 thr= 5.56e-03 ratio= 1.03e-10 x/f/g=001 it=   0 old=1 new=1 t=0.1s
pois-FD p15 n300 s4          nll=  9583.228 gres= 1.76e-05 thr= 9.58e-02 ratio= 1.83e-04 x/f/g=010 it=  73 old=1 new=1 t=18.7s
pois-analytic p15 n300 s4    nll=  9583.228 gres= 2.93e-05 thr= 9.58e-02 ratio= 3.06e-04 x/f/g=010 it=  69 old=1 new=1 t=0.9s
binom-FD p15 n300 s4         nll=  3009.511 gres= 3.12e-06 thr= 3.01e-02 ratio= 1.04e-04 x/f/g=001 it=  26 old=1 new=1 t=7.1s
gammagrp-FD p15 n300 s4      nll=  9728.977 gres= 8.71e-06 thr= 9.73e-02 ratio= 8.95e-05 x/f/g=001 it=  34 old=1 new=1 t=27.1s
gauss-fwd p15 n300 s4        nll=  5947.361 gres= 3.34e-13 thr= 5.95e-03 ratio= 5.62e-11 x/f/g=001 it=   0 old=1 new=1 t=0.0s
julia +1.10 --project=. ~/local-scratch/review-502-correctness-probe/probe.jl  370.69s user 3.42s system 97% cpu 6:25.12 total
