gamma-FD s1 scale=1          nll=  1654.911 gres= 1.26e-01 thr= 1.65e-02 ratio= 7.59e+00 x/f/g=110 it=  30 old=1 new=0 t=3.2s
gamma-FD s1 scale=0.126      nll=    -0.000 gres= 1.26e-01 thr= 1.00e-05 ratio= 1.26e+04 x/f/g=110 it=  33 old=1 new=0 t=3.6s
gammagrp-FD s1 scale=1       nll=  1654.706 gres= 5.69e-06 thr= 1.65e-02 ratio= 3.44e-04 x/f/g=001 it=  28 old=1 new=1 t=4.1s
gammagrp-FD s1 scale=0.126   nll=    -0.000 gres= 5.81e-06 thr= 1.00e-05 ratio= 5.81e-01 x/f/g=001 it=  28 old=1 new=1 t=4.0s
gamma-FD s2 scale=1          nll=  1609.647 gres= 2.99e-06 thr= 1.61e-02 ratio= 1.85e-04 x/f/g=001 it=  21 old=1 new=1 t=2.4s
gamma-FD s2 scale=0.134      nll=     0.000 gres= 3.01e-06 thr= 1.00e-05 ratio= 3.01e-01 x/f/g=001 it=  21 old=1 new=1 t=2.4s
gammagrp-FD s2 scale=1       nll=  1608.982 gres= 7.38e-06 thr= 1.61e-02 ratio= 4.59e-04 x/f/g=001 it=  21 old=1 new=1 t=3.3s
gammagrp-FD s2 scale=0.134   nll=     0.000 gres= 6.97e-06 thr= 1.00e-05 ratio= 6.97e-01 x/f/g=001 it=  21 old=1 new=1 t=3.2s
gamma-FD s3 scale=1          nll=  1607.119 gres= 1.29e+01 thr= 1.61e-02 ratio= 8.04e+02 x/f/g=010 it=  41 old=1 new=0 t=5.3s
gamma-FD s3 scale=0.134      nll=    -0.000 gres= 1.29e+01 thr= 1.00e-05 ratio= 1.29e+06 x/f/g=110 it=  29 old=1 new=0 t=3.6s
gammagrp-FD s3 scale=1       nll=  1606.808 gres= 2.77e-06 thr= 1.61e-02 ratio= 1.72e-04 x/f/g=001 it=  25 old=1 new=1 t=3.9s
gammagrp-FD s3 scale=0.134   nll=     0.000 gres= 9.91e-06 thr= 1.00e-05 ratio= 9.91e-01 x/f/g=001 it=  24 old=1 new=1 t=3.8s
gamma-FD s4 scale=1          nll=  1897.151 gres= 3.21e-06 thr= 1.90e-02 ratio= 1.69e-04 x/f/g=001 it=  32 old=1 new=1 t=3.6s
gamma-FD s4 scale=0.0933     nll=    -0.000 gres= 3.14e-06 thr= 1.00e-05 ratio= 3.14e-01 x/f/g=001 it=  32 old=1 new=1 t=3.6s
gammagrp-FD s4 scale=1       nll=  1895.248 gres= 5.49e-06 thr= 1.90e-02 ratio= 2.90e-04 x/f/g=001 it=  33 old=1 new=1 t=5.0s
gammagrp-FD s4 scale=0.0936  nll=    -0.000 gres= 5.54e-06 thr= 1.00e-05 ratio= 5.54e-01 x/f/g=001 it=  33 old=1 new=1 t=5.2s
gamma-FD s5 scale=1          nll=  1766.115 gres= 3.14e-06 thr= 1.77e-02 ratio= 1.78e-04 x/f/g=001 it=  50 old=1 new=1 t=4.6s
gamma-FD s5 scale=0.11       nll=    -0.000 gres= 1.88e-06 thr= 1.00e-05 ratio= 1.88e-01 x/f/g=001 it=  48 old=1 new=1 t=4.5s
gammagrp-FD s5 scale=1       nll=  1766.108 gres= 9.69e-06 thr= 1.77e-02 ratio= 5.49e-04 x/f/g=001 it=  48 old=1 new=1 t=5.9s
gammagrp-FD s5 scale=0.11    nll=    -0.000 gres= 8.49e-06 thr= 1.00e-05 ratio= 8.49e-01 x/f/g=001 it=  48 old=1 new=1 t=6.0s
gamma-FD s6 scale=1          nll=  1685.649 gres= 9.50e-06 thr= 1.69e-02 ratio= 5.64e-04 x/f/g=001 it=  31 old=1 new=1 t=3.0s
gamma-FD s6 scale=0.122      nll=    -0.000 gres= 9.52e-06 thr= 1.00e-05 ratio= 9.52e-01 x/f/g=001 it=  31 old=1 new=1 t=3.0s
gammagrp-FD s6 scale=1       nll=  1685.163 gres= 6.91e-06 thr= 1.69e-02 ratio= 4.10e-04 x/f/g=001 it=  33 old=1 new=1 t=4.3s
gammagrp-FD s6 scale=0.122   nll=    -0.000 gres= 6.98e-06 thr= 1.00e-05 ratio= 6.98e-01 x/f/g=001 it=  33 old=1 new=1 t=4.2s
gamma-FD s7 scale=1          nll=  1650.061 gres= 1.61e+00 thr= 1.65e-02 ratio= 9.73e+01 x/f/g=010 it=  42 old=1 new=0 t=5.5s
gamma-FD s7 scale=0.127      nll=     0.000 gres= 1.32e+00 thr= 1.00e-05 ratio= 1.32e+05 x/f/g=110 it=  40 old=1 new=0 t=5.2s
gammagrp-FD s7 scale=1       nll=  1648.604 gres= 3.55e-06 thr= 1.65e-02 ratio= 2.15e-04 x/f/g=001 it=  30 old=1 new=1 t=5.1s
gammagrp-FD s7 scale=0.127   nll=     0.000 gres= 3.54e-06 thr= 1.00e-05 ratio= 3.54e-01 x/f/g=001 it=  30 old=1 new=1 t=5.1s
gamma-FD s8 scale=1          nll=  1691.444 gres= 5.36e-02 thr= 1.69e-02 ratio= 3.17e+00 x/f/g=010 it=  21 old=1 new=0 t=2.5s
gamma-FD s8 scale=0.121      nll=     0.000 gres= 5.44e-02 thr= 1.00e-05 ratio= 5.44e+03 x/f/g=110 it=  19 old=1 new=0 t=2.2s
gammagrp-FD s8 scale=1       nll=  1690.407 gres= 8.07e-06 thr= 1.69e-02 ratio= 4.78e-04 x/f/g=001 it=  22 old=1 new=1 t=3.3s
gammagrp-FD s8 scale=0.121   nll=    -0.000 gres= 7.72e-06 thr= 1.00e-05 ratio= 7.72e-01 x/f/g=001 it=  22 old=1 new=1 t=3.3s
gamma-FD s9 scale=1          nll=  1730.404 gres= 4.84e-06 thr= 1.73e-02 ratio= 2.80e-04 x/f/g=001 it=  25 old=1 new=1 t=2.8s
gamma-FD s9 scale=0.115      nll=     0.000 gres= 4.89e-06 thr= 1.00e-05 ratio= 4.89e-01 x/f/g=001 it=  25 old=1 new=1 t=2.7s
gammagrp-FD s9 scale=1       nll=  1730.226 gres= 5.91e-06 thr= 1.73e-02 ratio= 3.41e-04 x/f/g=001 it=  25 old=1 new=1 t=3.7s
gammagrp-FD s9 scale=0.115   nll=     0.000 gres= 5.66e-06 thr= 1.00e-05 ratio= 5.66e-01 x/f/g=001 it=  25 old=1 new=1 t=3.9s
gamma-FD s10 scale=1         nll=  1498.032 gres= 6.21e-06 thr= 1.50e-02 ratio= 4.15e-04 x/f/g=001 it=  21 old=1 new=1 t=2.1s
gamma-FD s10 scale=0.154     nll=    -0.000 gres= 6.25e-06 thr= 1.00e-05 ratio= 6.25e-01 x/f/g=001 it=  21 old=1 new=1 t=2.2s
gammagrp-FD s10 scale=1      nll=  1497.975 gres= 4.11e-06 thr= 1.50e-02 ratio= 2.74e-04 x/f/g=001 it=  20 old=1 new=1 t=2.8s
gammagrp-FD s10 scale=0.154  nll=     0.000 gres= 4.12e-06 thr= 1.00e-05 ratio= 4.12e-01 x/f/g=001 it=  20 old=1 new=1 t=2.8s
EXIT 0
