test_poisson_fit.jl	5876	1.198e-05	5.876e-02	2.038e-04	010	28	1	1
test_poisson_fit.jl	2483	1.769e-06	2.483e-02	7.124e-05	001	18	1	1
test_poisson_fit.jl	9551	2.088e-05	9.551e-02	2.187e-04	010	58	1	1
test_binomial_fit.jl	1559	4.631e-06	1.559e-02	2.971e-04	001	17	1	1
test_binomial_fit.jl	1554	1.877e-06	1.554e-02	1.208e-04	001	18	1	1
test_gamma_fit.jl	2273	6.070e-06	2.273e-02	2.671e-04	001	24	1	1
test_gamma_fit.jl	738.2	3.171e-07	7.382e-03	4.296e-05	001	14	1	1
test_beta_fit.jl	-2094	4.459e-06	2.094e-02	2.129e-04	011	34	1	1
test_beta_fit.jl	-374.9	3.241e-06	3.749e-03	8.644e-04	001	28	1	1
test_ordinal_fit.jl	4329	9.537e-06	4.329e-02	2.203e-04	001	48	1	1
test_ordinal_fit.jl	803.6	3.192e-06	8.036e-03	3.972e-04	001	22	1	1
test_ordered_beta.jl	246.1	1.204e+07	2.461e-03	4.892e+09	110	24	1	0
test_ordered_beta.jl	179.4	7.202e-06	1.794e-03	4.015e-03	001	49	1	1
test_ordered_beta.jl	379.5	3.504e+07	3.795e-03	9.233e+09	110	39	1	0
test_ordered_beta.jl	209.8	8.160e-06	2.098e-03	3.889e-03	001	29	1	1
test_ordered_beta.jl	209.8	8.160e-06	2.098e-03	3.889e-03	001	29	1	1
test_ordered_beta.jl	209.8	8.160e-06	2.098e-03	3.889e-03	001	29	1	1
test_ordered_beta.jl	209.8	8.160e-06	2.098e-03	3.889e-03	001	29	1	1
test_com_poisson.jl	442.8	4.384e-06	4.428e-03	9.901e-04	001	22	1	1
test_com_poisson.jl	568.2	1.774e-06	5.682e-03	3.123e-04	001	29	1	1
test_com_poisson.jl	568.2	1.774e-06	5.682e-03	3.123e-04	001	29	1	1
test_com_poisson.jl	568.2	1.774e-06	5.682e-03	3.123e-04	001	29	1	1
test_com_poisson.jl	568.2	1.774e-06	5.682e-03	3.123e-04	001	29	1	1
test_exponential.jl	2244	5.219e-06	2.244e-02	2.326e-04	001	30	1	1
test_exponential.jl	2244	5.219e-06	2.244e-02	2.326e-04	001	30	1	1
test_exponential.jl	711.2	2.464e-06	7.112e-03	3.465e-04	001	19	1	1
test_exponential.jl	711.4	8.918e-07	7.114e-03	1.254e-04	001	21	1	1
test_truncated_poisson.jl	269.9	6.452e-06	2.699e-03	2.391e-03	001	15	1	1
test_truncated_poisson.jl	269.9	6.452e-06	2.699e-03	2.391e-03	001	15	1	1
test_truncated_nbinom2.jl	325.2	9.091e-06	3.252e-03	2.796e-03	001	21	1	1
test_truncated_nbinom2.jl	325.2	9.091e-06	3.252e-03	2.796e-03	001	21	1	1
test_hurdle_poisson.jl	6426	1.190e-05	6.426e-02	1.852e-04	010	45	1	1
test_hurdle_poisson.jl	1792	9.462e-06	1.792e-02	5.279e-04	001	29	1	1
test_hurdle_poisson.jl	378	1.234e-06	3.780e-03	3.266e-04	001	16	1	1
test_hurdle_poisson.jl	378	1.234e-06	3.780e-03	3.266e-04	001	16	1	1
test_hurdle_poisson.jl	378	1.234e-06	3.780e-03	3.266e-04	001	16	1	1
test_hurdle_nb.jl	6576	7.796e-03	6.576e-02	1.186e-01	010	69	1	1
test_hurdle_nb.jl	353.6	9.800e-06	3.536e-03	2.771e-03	001	23	1	1
test_hurdle_nb.jl	353.6	9.800e-06	3.536e-03	2.771e-03	001	23	1	1
test_hurdle_nb.jl	353.6	9.800e-06	3.536e-03	2.771e-03	001	23	1	1
test_hurdle_nb.jl	353.6	9.800e-06	3.536e-03	2.771e-03	001	23	1	1
test_delta_gamma.jl	5616	4.025e+29	5.616e-02	7.168e+30	110	36	1	0
test_delta_gamma.jl	774.1	7.993e-06	7.741e-03	1.033e-03	001	17	1	1
test_delta_gamma.jl	924.7	1.586e+32	9.247e-03	1.715e+34	110	25	1	0
test_delta_gamma.jl	924.7	1.586e+32	9.247e-03	1.715e+34	110	25	1	0
test_delta_gamma.jl	924.7	1.586e+32	9.247e-03	1.715e+34	110	25	1	0
test_delta_gamma.jl	924.7	1.586e+32	9.247e-03	1.715e+34	110	25	1	0
test_delta_gamma.jl	991.5	1.902e-03	9.915e-03	1.919e-01	110	50	1	1
test_delta_gamma.jl	992.5	1.249e-03	9.925e-03	1.258e-01	010	55	1	1
test_delta_fit.jl	4450	4.806e-06	4.450e-02	1.080e-04	001	47	1	1
test_delta_fit.jl	981.9	7.078e-06	9.819e-03	7.209e-04	001	25	1	1
test_delta_fit.jl	981.9	7.078e-06	9.819e-03	7.209e-04	001	25	1	1
test_delta_fit.jl	981.9	7.078e-06	9.819e-03	7.209e-04	001	25	1	1
test_delta_fit.jl	981.9	7.078e-06	9.819e-03	7.209e-04	001	25	1	1
test_studentt_disp_group.jl	739.5	5.548e-06	7.395e-03	7.502e-04	001	22	1	1
test_studentt_disp_group.jl	739.5	5.548e-06	7.395e-03	7.502e-04	001	22	1	1
test_studentt_disp_group.jl	1392	5.200e-06	1.392e-02	3.737e-04	001	27	1	1
test_studentt_disp_group.jl	702.9	7.266e-06	7.029e-03	1.034e-03	001	19	1	1
test_studentt_disp_group.jl	681.9	8.664e-06	6.819e-03	1.271e-03	001	18	1	1
test_studentt_disp_group.jl	453.4	5.063e-06	4.534e-03	1.117e-03	001	37	1	1
test_studentt_disp_group.jl	440.7	6.313e-06	4.407e-03	1.432e-03	001	25	1	1
test_studentt_boundary.jl	159.7	8.261e-06	1.597e-03	5.173e-03	001	46	1	1
test_studentt_boundary.jl	170.9	3.980e-06	1.709e-03	2.329e-03	001	13	1	1
test_random_slopes_poisson.jl	6819	5.257e-06	6.819e-02	7.709e-05	001	32	1	1
test_random_slopes_poisson.jl	1.851e+04	2.629e-05	1.851e-01	1.420e-04	010	58	1	1
test_random_slopes.jl	2759	3.051e-05	2.759e-03	1.106e-02	010	54	1	1
test_phylo_poisson_xlv.jl	322.5	1.168e+14	3.225e-03	3.621e+16	110	124	1	0
test_phylo_poisson_xlv.jl	322.5	1.168e+14	3.225e-03	3.621e+16	110	124	1	0
test_phylo_binomial_xlv.jl	342.9	1.168e+14	3.429e-03	3.405e+16	110	91	1	0
test_phylo_binomial_xlv.jl	342.9	1.168e+14	3.429e-03	3.405e+16	110	91	1	0
test_phylo_gamma_xlv.jl	303.9	8.257e+16	3.039e-03	2.717e+19	110	2	1	0
test_phylo_gamma_xlv.jl	303.9	8.257e+16	3.039e-03	2.717e+19	110	2	1	0
test_phylo_gamma_xlv.jl	303.9	8.257e+16	3.039e-03	2.717e+19	110	2	1	0
test_phylo_nb_xlv.jl	465.8	3.531e-05	4.658e-03	7.580e-03	010	442	1	1
test_phylo_nb_xlv.jl	465.8	3.531e-05	4.658e-03	7.580e-03	010	442	1	1
test_phylo_beta_xlv.jl	-92.96	4.447e+16	9.296e-04	4.783e+19	110	8	1	0
test_phylo_beta_xlv.jl	-92.96	4.447e+16	9.296e-04	4.783e+19	110	8	1	0
test_phylo_beta_xlv.jl	-92.96	4.447e+16	9.296e-04	4.783e+19	110	8	1	0
test_phylo_ordinal_xlv.jl	260.2	5.003e-05	2.602e-03	1.923e-02	010	133	1	1
test_phylo_ordinal_xlv.jl	260.2	5.003e-05	2.602e-03	1.923e-02	010	133	1	1
test_coevolution_glm.jl	735.3	3.069e-06	7.353e-03	4.174e-04	001	98	1	1
test_coevolution_glm.jl	363.2	8.668e-06	3.632e-03	2.386e-03	001	25	1	1
test_fixed_effects.jl	209.2	3.908e-14	2.092e-04	1.868e-10	001	0	1	1
test_fixed_effects.jl	886.3	6.651e-07	8.863e-04	7.504e-04	011	7	1	1
test_fixed_effects.jl	719.3	2.718e-13	7.193e-04	3.779e-10	001	0	1	1
test_fixed_effects.jl	1.086e+04	2.629e-13	1.086e-02	2.421e-11	001	0	1	1
test_fixed_effects.jl	1.086e+04	9.487e-14	1.086e-02	8.736e-12	001	0	1	1
test_fixed_effects.jl	245.3	2.448e-07	2.453e-04	9.981e-04	011	7	1	1
test_fixed_effects.jl	245.3	2.448e-07	2.453e-04	9.981e-04	011	7	1	1
test_hessian_kwarg.jl	-123.5	3.842e-06	1.235e-03	3.112e-03	001	13	1	1
test_hessian_kwarg.jl	-123.5	3.842e-06	1.235e-03	3.112e-03	001	13	1	1
test_hessian_kwarg.jl	300.8	1.740e-05	3.008e-03	5.784e-03	010	18	1	1
test_hessian_kwarg.jl	300.8	1.740e-05	3.008e-03	5.784e-03	010	18	1	1
test_hessian_kwarg.jl	-123.9	3.418e-06	1.239e-03	2.759e-03	001	13	1	1
test_hessian_kwarg.jl	-123.5	3.842e-06	1.235e-03	3.112e-03	001	13	1	1
test_hessian_kwarg.jl	301.9	2.962e-06	3.019e-03	9.811e-04	001	14	1	1
test_hessian_kwarg.jl	300.8	1.740e-05	3.008e-03	5.784e-03	010	18	1	1
test_hessian_kwarg.jl	406.3	8.368e-06	4.063e-03	2.060e-03	001	14	1	1
test_hessian_kwarg.jl	406.3	8.368e-06	4.063e-03	2.060e-03	001	14	1	1
test_hessian_kwarg.jl	204.9	4.567e-06	2.049e-03	2.229e-03	001	15	1	1
test_hessian_kwarg.jl	204.9	4.567e-06	2.049e-03	2.229e-03	001	15	1	1
test_hessian_kwarg.jl	436.2	7.932e-06	4.362e-03	1.818e-03	001	20	1	1
test_hessian_kwarg.jl	436.1	1.272e-06	4.361e-03	2.917e-04	001	19	1	1
test_hessian_kwarg.jl	449.9	7.045e-06	4.499e-03	1.566e-03	001	17	1	1
test_hessian_kwarg.jl	442.4	1.910e-06	4.424e-03	4.318e-04	001	16	1	1
test_hessian_kwarg.jl	438.5	9.805e-06	4.385e-03	2.236e-03	001	16	1	1
test_hessian_kwarg.jl	436.7	8.843e-06	4.367e-03	2.025e-03	001	16	1	1
test_hessian_kwarg.jl	436.4	5.562e-06	4.364e-03	1.275e-03	001	15	1	1
test_hessian_kwarg.jl	438.1	3.520e-06	4.381e-03	8.035e-04	001	15	1	1
test_hessian_kwarg.jl	441.5	7.533e-06	4.415e-03	1.706e-03	001	19	1	1
test_hessian_kwarg.jl	451.6	5.510e-06	4.516e-03	1.220e-03	001	12	1	1
test_hessian_kwarg.jl	467.4	8.035e-06	4.674e-03	1.719e-03	001	8	1	1
test_hessian_kwarg.jl	483.7	7.214e-06	4.837e-03	1.492e-03	001	7	1	1
test_hessian_kwarg.jl	514.5	2.150e-06	5.145e-03	4.178e-04	001	6	1	1
test_hessian_kwarg.jl	436.4	9.106e-07	4.364e-03	2.087e-04	001	12	1	1
test_hessian_kwarg.jl	436.8	1.150e-06	4.368e-03	2.633e-04	001	14	1	1
test_hessian_kwarg.jl	436.3	9.533e-06	4.363e-03	2.185e-03	001	12	1	1
test_hessian_kwarg.jl	436.3	2.558e-06	4.363e-03	5.862e-04	001	12	1	1
test_hessian_kwarg.jl	436.3	2.084e-06	4.363e-03	4.776e-04	001	12	1	1
test_hessian_kwarg.jl	436.3	1.662e-06	4.363e-03	3.808e-04	001	12	1	1
test_hessian_kwarg.jl	436.3	2.084e-06	4.363e-03	4.776e-04	001	12	1	1
test_hessian_kwarg.jl	436.5	5.706e-06	4.365e-03	1.307e-03	001	21	1	1
test_hessian_kwarg.jl	436.1	8.721e-06	4.361e-03	2.000e-03	001	19	1	1
test_hessian_kwarg.jl	448.2	5.750e-06	4.482e-03	1.283e-03	001	23	1	1
test_hessian_kwarg.jl	441.8	1.563e-06	4.418e-03	3.538e-04	001	17	1	1
test_hessian_kwarg.jl	438.5	9.791e-06	4.385e-03	2.233e-03	001	16	1	1
test_hessian_kwarg.jl	436.9	4.637e-06	4.369e-03	1.061e-03	001	16	1	1
test_hessian_kwarg.jl	436.6	1.516e-06	4.366e-03	3.472e-04	001	15	1	1
test_hessian_kwarg.jl	438.2	7.444e-06	4.382e-03	1.699e-03	001	15	1	1
test_hessian_kwarg.jl	441.5	1.455e-06	4.415e-03	3.296e-04	001	22	1	1
test_hessian_kwarg.jl	451.6	9.918e-06	4.516e-03	2.196e-03	001	10	1	1
test_hessian_kwarg.jl	467.4	9.359e-06	4.674e-03	2.002e-03	001	9	1	1
test_hessian_kwarg.jl	483.7	8.125e-06	4.837e-03	1.680e-03	001	8	1	1
test_hessian_kwarg.jl	514.5	5.360e-06	5.145e-03	1.042e-03	001	9	1	1
test_hessian_kwarg.jl	436.7	3.774e-06	4.367e-03	8.642e-04	001	11	1	1
test_hessian_kwarg.jl	437	3.689e-06	4.370e-03	8.441e-04	001	12	1	1
test_hessian_kwarg.jl	436.6	2.093e-06	4.366e-03	4.794e-04	001	12	1	1
test_hessian_kwarg.jl	436.6	8.678e-06	4.366e-03	1.988e-03	001	11	1	1
test_hessian_kwarg.jl	436.6	7.791e-06	4.366e-03	1.784e-03	001	11	1	1
test_hessian_kwarg.jl	436.6	6.829e-06	4.366e-03	1.564e-03	001	11	1	1
test_hessian_kwarg.jl	436.6	7.791e-06	4.366e-03	1.784e-03	001	11	1	1
test_hessian_kwarg.jl	201.1	3.785e-06	2.011e-03	1.882e-03	001	15	1	1
test_hessian_kwarg.jl	201.1	3.785e-06	2.011e-03	1.882e-03	001	15	1	1
test_hessian_kwarg.jl	202	3.490e-06	2.020e-03	1.728e-03	001	14	1	1
test_hessian_kwarg.jl	201	2.957e-07	2.010e-03	1.471e-04	001	20	1	1
test_hessian_kwarg.jl	201	2.957e-07	2.010e-03	1.471e-04	001	20	1	1
test_hessian_kwarg.jl	202.3	6.376e-06	2.023e-03	3.152e-03	001	14	1	1
test_delta_disp_group.jl	1141	3.752e-06	1.141e-02	3.288e-04	001	44	1	1
test_delta_disp_group.jl	1141	3.752e-06	1.141e-02	3.288e-04	001	44	1	1
test_delta_disp_group.jl	1144	9.932e-06	1.144e-02	8.680e-04	001	67	1	1
test_delta_disp_group.jl	1144	9.932e-06	1.144e-02	8.680e-04	001	67	1	1
test_delta_disp_group.jl	991	9.744e-06	9.910e-03	9.832e-04	011	31	1	1
test_delta_disp_group.jl	1001	9.702e+31	1.001e-02	9.688e+33	110	34	1	0
test_delta_disp_group.jl	1488	6.721e-06	1.488e-02	4.518e-04	001	39	1	1
test_delta_disp_group.jl	690.9	5.536e-04	6.909e-03	8.013e-02	110	61	1	1
test_delta_disp_group.jl	749.6	6.280e-06	7.496e-03	8.378e-04	001	26	1	1
test_delta_disp_group.jl	737.1	4.487e-06	7.371e-03	6.087e-04	001	41	1	1
test_delta_disp_group.jl	748.9	8.955e-06	7.489e-03	1.196e-03	001	27	1	1
test_delta_disp_group.jl	738	7.050e-06	7.380e-03	9.552e-04	001	49	1	1
test_delta_disp_group.jl	630.4	7.604e-06	6.304e-03	1.206e-03	001	32	1	1
test_delta_disp_group.jl	673.3	3.830e-06	6.733e-03	5.689e-04	001	36	1	1
test_delta_disp_group.jl	490.2	7.228e-06	4.902e-03	1.474e-03	001	156	1	1
test_fit.jl	340.7	2.842e-14	3.407e-04	8.343e-11	001	0	1	1
test_fit.jl	886.8	7.461e-14	8.868e-04	8.413e-11	001	0	1	1
test_W_and_diag.jl	209.2	3.908e-14	2.092e-04	1.868e-10	001	0	1	1
test_W_and_diag.jl	2334	5.988e-08	2.334e-03	2.566e-05	011	14	1	1
test_gaussian_pervar_design.jl	381.6	3.181e-06	3.816e-03	8.335e-04	001	19	1	1
test_gaussian_pervar_design.jl	381.6	3.181e-06	3.816e-03	8.335e-04	001	19	1	1
test_gaussian_pervar_design.jl	394.2	5.281e-07	3.942e-03	1.340e-04	001	25	1	1
test_gaussian_pervar_design.jl	387.2	9.656e-06	3.872e-03	2.494e-03	001	58	1	1
test_gaussian_pervar_design.jl	387.2	9.656e-06	3.872e-03	2.494e-03	001	58	1	1
test_aghq_public_gaussian.jl	123.5	1.066e-14	1.235e-04	8.633e-11	001	0	1	1
test_aghq_public_gaussian.jl	123.5	1.066e-14	1.235e-04	8.633e-11	001	0	1	1
test_aghq_public_gaussian.jl	123.5	1.066e-14	1.235e-04	8.633e-11	001	0	1	1
test_aghq_public_gaussian.jl	123.5	1.066e-14	1.235e-04	8.633e-11	001	0	1	1
test_aghq_public_gaussian.jl	125	1.954e-14	1.250e-04	1.564e-10	001	0	1	1
test_aghq_public_gaussian.jl	125	5.651e-14	1.250e-04	4.522e-10	001	0	1	1
test_aghq_public_gaussian.jl	123.5	1.066e-14	1.235e-04	8.633e-11	001	0	1	1
test_aghq_public_gaussian.jl	121.3	2.132e-14	1.213e-04	1.757e-10	001	0	1	1
test_aghq_public_gaussian.jl	121.3	2.531e-14	1.213e-04	2.086e-10	001	0	1	1
test_aghq_public_gaussian.jl	123.5	1.643e-14	1.235e-04	1.331e-10	001	0	1	1
test_aghq_public_gaussian.jl	123.5	3.365e-14	1.235e-04	2.725e-10	001	0	1	1
test_aghq_public_gaussian.jl	121.3	2.132e-14	1.213e-04	1.757e-10	001	0	1	1
test_aghq_public_gaussian.jl	121.3	2.531e-14	1.213e-04	2.086e-10	001	0	1	1
test_aghq_public_gaussian.jl	123.5	1.643e-14	1.235e-04	1.331e-10	001	0	1	1
test_aghq_public_gaussian.jl	123.5	3.365e-14	1.235e-04	2.725e-10	001	0	1	1
test_aghq_public_gaussian.jl	121.3	2.132e-14	1.213e-04	1.757e-10	001	0	1	1
test_aghq_public_gaussian.jl	121.3	2.531e-14	1.213e-04	2.086e-10	001	0	1	1
test_aghq_public_gaussian.jl	123.5	1.643e-14	1.235e-04	1.331e-10	001	0	1	1
test_aghq_public_gaussian.jl	123.5	3.365e-14	1.235e-04	2.725e-10	001	0	1	1
test_aghq_public_gaussian.jl	121.3	2.132e-14	1.213e-04	1.757e-10	001	0	1	1
test_aghq_public_gaussian.jl	121.3	2.531e-14	1.213e-04	2.086e-10	001	0	1	1
test_aghq_public_gaussian.jl	123.5	1.643e-14	1.235e-04	1.331e-10	001	0	1	1
test_aghq_public_gaussian.jl	123.5	3.365e-14	1.235e-04	2.725e-10	001	0	1	1
test_aghq_public_gaussian.jl	123.5	1.066e-14	1.235e-04	8.633e-11	001	0	1	1
test_aghq_public_gaussian.jl	123.5	1.066e-14	1.235e-04	8.633e-11	001	0	1	1
test_aghq_public_gaussian.jl	123.4	6.355e-01	1.234e-04	5.152e+03	000	2	0	0
test_aghq_public_gaussian.jl	691.5	1.338e-14	6.915e-04	1.935e-11	001	0	1	1
test_aghq_public_gaussian.jl	123.4	4.065e-08	1.234e-04	3.293e-04	011	5	1	1
test_aghq_public_gaussian.jl	123.4	4.065e-08	1.234e-04	3.293e-04	001	0	1	1
test_aghq_public_gaussian.jl	124.1	3.111e-10	1.241e-04	2.507e-06	011	6	1	1
test_aghq_public_gaussian.jl	122	2.052e-05	1.220e-04	1.682e-01	010	8	1	1
test_aghq_public_binomial.jl	21.26	8.570e-02	2.126e-04	4.031e+02	000	2	0	0
test_aghq_public_binomial.jl	21.26	8.570e-02	2.126e-04	4.031e+02	000	2	0	0
test_aghq_public_binomial.jl	21.35	8.197e-01	2.135e-04	3.840e+03	000	2	0	0
test_aghq_public_binomial.jl	20.23	7.604e-06	2.023e-04	3.759e-02	001	8	1	1
test_aghq_public_binomial.jl	19.16	7.656e-08	1.916e-04	3.997e-04	001	8	1	1
test_aghq_public_binomial.jl	17.89	6.218e-06	1.789e-04	3.475e-02	001	7	1	1
test_aghq_public_binomial.jl	20.19	5.456e-07	2.019e-04	2.703e-03	001	8	1	1
test_aghq_public_binomial.jl	20.28	8.308e-07	2.028e-04	4.097e-03	001	10	1	1
test_aghq_public_binomial.jl	21.26	8.570e-02	2.126e-04	4.031e+02	000	2	0	0
test_aghq_public_binomial.jl	21.26	8.570e-02	2.126e-04	4.031e+02	000	2	0	0
test_aghq_public_binomial.jl	21.26	8.570e-02	2.126e-04	4.031e+02	000	2	0	0
test_twolevel.jl	1.371e+04	3.445e-05	1.371e-04	2.514e-01	010	75	1	1
test_twolevel.jl	1.371e+04	2.883e-05	1.371e-04	2.102e-01	010	63	1	1
test_twolevel.jl	1.379e+04	2.455e-05	1.379e-04	1.780e-01	110	65	1	1
test_twolevel.jl	1.383e+04	5.588e-05	1.383e-04	4.041e-01	010	66	1	1
test_twolevel.jl	1.383e+04	1.569e-04	1.383e-04	1.134e+00	010	64	1	0
test_twolevel.jl	1.38e+04	4.486e-05	1.380e-04	3.250e-01	010	59	1	1
test_twolevel.jl	1.383e+04	3.028e-06	1.383e-04	2.189e-02	110	74	1	1
test_twolevel.jl	1.366e+04	2.445e-05	1.366e-04	1.790e-01	110	69	1	1
test_twolevel.jl	1.382e+04	5.684e-05	1.382e-04	4.111e-01	110	63	1	1
test_twolevel.jl	1.39e+04	4.380e-05	1.390e-04	3.150e-01	010	63	1	1
test_twolevel.jl	1.383e+04	3.726e-05	1.383e-04	2.694e-01	010	62	1	1
test_twolevel.jl	1.386e+04	1.479e-05	1.386e-04	1.067e-01	010	63	1	1
test_twolevel.jl	1.382e+04	6.675e-05	1.382e-04	4.832e-01	010	64	1	1
test_twolevel.jl	1.384e+04	2.476e-05	1.384e-04	1.788e-01	010	58	1	1
test_twolevel.jl	1.387e+04	1.548e-05	1.387e-04	1.116e-01	010	73	1	1
test_twolevel.jl	1.382e+04	1.003e-04	1.382e-04	7.254e-01	010	69	1	1
test_twolevel.jl	1.381e+04	3.639e-06	1.381e-04	2.636e-02	010	64	1	1
test_twolevel.jl	1.387e+04	5.115e-05	1.387e-04	3.689e-01	010	63	1	1
test_twolevel.jl	1.374e+04	2.269e-05	1.374e-04	1.651e-01	010	74	1	1
test_twolevel.jl	1.38e+04	4.414e-05	1.380e-04	3.199e-01	110	80	1	1
test_twolevel.jl	1.386e+04	8.932e-06	1.386e-04	6.447e-02	010	82	1	1
test_twolevel.jl	1.381e+04	5.397e-05	1.381e-04	3.907e-01	010	70	1	1
test_twolevel.jl	1.381e+04	2.733e-05	1.381e-04	1.979e-01	010	73	1	1
test_twolevel.jl	1.377e+04	4.072e-05	1.377e-04	2.957e-01	010	62	1	1
test_twolevel.jl	1.382e+04	5.305e-05	1.382e-04	3.840e-01	010	68	1	1
test_twolevel.jl	1.386e+04	6.727e-06	1.386e-04	4.855e-02	010	82	1	1
test_twolevel.jl	1.388e+04	5.188e-05	1.388e-04	3.738e-01	010	71	1	1
test_twolevel.jl	1.387e+04	7.278e-05	1.387e-04	5.249e-01	010	66	1	1
test_twolevel.jl	1.383e+04	2.831e-05	1.383e-04	2.048e-01	010	52	1	1
test_twolevel.jl	1.376e+04	4.712e-05	1.376e-04	3.423e-01	010	82	1	1
test_reml.jl	765.7	3.539e-06	7.657e-04	4.621e-03	010	18	1	1
test_reml.jl	213.4	6.903e-09	2.134e-04	3.235e-05	011	7	1	1
test_reml.jl	213.4	6.903e-09	2.134e-04	3.235e-05	011	7	1	1
test_coevolution_kronecker.jl	139.2	1.048e-13	1.392e-06	7.529e-08	001	0	1	1
test_coevolution_kronecker.jl	142.5	2.416e-13	1.425e-06	1.695e-07	001	0	1	1
test_nb_fit.jl	6411	1.597e-05	6.411e-02	2.491e-04	010	31	1	1
test_nb_fit.jl	2633	6.031e-06	2.633e-02	2.290e-04	001	49	1	1
test_missing_response_extra.jl	1247	9.556e-06	1.247e-02	7.665e-04	001	28	1	1
test_missing_response_extra.jl	1247	9.556e-06	1.247e-02	7.665e-04	001	28	1	1
test_missing_response_extra.jl	229.8	4.628e-06	2.298e-03	2.014e-03	001	29	1	1
test_missing_response_extra.jl	229.8	4.628e-06	2.298e-03	2.014e-03	001	29	1	1
test_missing_response_extra.jl	1223	1.859e-06	1.223e-02	1.519e-04	001	12	1	1
test_missing_response_extra.jl	1223	1.859e-06	1.223e-02	1.519e-04	001	12	1	1
test_missing_response_extra.jl	493.3	3.454e-06	4.933e-03	7.003e-04	001	21	1	1
test_missing_response_extra.jl	493.3	3.454e-06	4.933e-03	7.003e-04	001	21	1	1
test_missing_response_extra.jl	489.3	3.338e-06	4.893e-03	6.822e-04	001	26	1	1
test_missing_response_extra.jl	489.3	3.338e-06	4.893e-03	6.822e-04	001	26	1	1
test_missing_response_extra.jl	520	6.177e-06	5.200e-03	1.188e-03	001	23	1	1
test_missing_response_extra.jl	520	6.177e-06	5.200e-03	1.188e-03	001	23	1	1
test_missing_response_extra.jl	448.8	7.899e-06	4.488e-03	1.760e-03	001	129	1	1
test_missing_response_extra.jl	448.8	7.899e-06	4.488e-03	1.760e-03	001	129	1	1
test_bridge_zip_nox.jl	234.6	9.907e-06	2.346e-03	4.224e-03	001	27	1	1
test_bridge_zip_nox.jl	234.6	9.907e-06	2.346e-03	4.224e-03	001	27	1	1
test_bridge_zip_nox.jl	234.6	9.907e-06	2.346e-03	4.224e-03	001	27	1	1
test_bridge_zip_nox.jl	224.1	6.081e-06	2.241e-03	2.713e-03	001	38	1	1
test_bridge_zip_nox.jl	224.1	6.081e-06	2.241e-03	2.713e-03	001	38	1	1
test_bridge_zib.jl	190.3	6.320e-06	1.903e-03	3.322e-03	001	14	1	1
test_bridge_zib.jl	190.3	6.320e-06	1.903e-03	3.322e-03	001	14	1	1
test_bridge_zib.jl	190.3	6.320e-06	1.903e-03	3.322e-03	001	14	1	1
test_bridge_zib.jl	190.3	6.320e-06	1.903e-03	3.322e-03	001	14	1	1
test_bridge_zib.jl	169.1	3.997e-06	1.691e-03	2.364e-03	001	13	1	1
test_bridge_zib.jl	169.1	3.997e-06	1.691e-03	2.364e-03	001	13	1	1
test_bridge_mixed.jl	19.07	2.187e-06	1.907e-04	1.146e-02	001	39	1	1
test_bridge_mixed.jl	19.07	2.187e-06	1.907e-04	1.146e-02	001	39	1	1
test_formula.jl	305	5.464e-05	3.050e-04	1.792e-01	010	14	1	1
test_formula.jl	305	5.464e-05	3.050e-04	1.792e-01	010	14	1	1
test_formula.jl	488.3	2.132e-14	4.883e-04	4.366e-11	001	0	1	1
test_formula.jl	488.3	2.132e-14	4.883e-04	4.366e-11	001	0	1	1
test_formula.jl	1075	8.411e-06	1.075e-02	7.825e-04	001	24	1	1
test_formula.jl	1075	8.411e-06	1.075e-02	7.825e-04	001	24	1	1
test_formula.jl	312.3	1.023e-09	3.123e-04	3.274e-06	011	9	1	1
test_formula.jl	314.2	2.473e-08	3.142e-04	7.872e-05	011	8	1	1
test_formula.jl	321.9	6.788e-08	3.219e-04	2.109e-04	011	8	1	1
test_formula.jl	244.6	1.692e-06	2.446e-03	6.918e-04	001	20	1	1
test_formula.jl	86.75	1.257e-06	8.675e-05	1.449e-02	010	9	1	1
test_formula.jl	86.75	1.257e-06	8.675e-05	1.449e-02	010	9	1	1
test_formula.jl	312.7	4.478e-06	3.127e-03	1.432e-03	001	16	1	1
test_formula.jl	312.7	4.478e-06	3.127e-03	1.432e-03	001	16	1	1
